INFO:retailsense.pipeline.tasks:ingested 1055289 rows, 104 complete weeks
{'rows': 1055289, 'weeks': 104} 18
{'rows': 1055289, 'weeks': 104, 'skus': 100, 'duplicate_sku_weeks': 0}
{'rows': 10400, 'n_features': 67, 'skus': 100} 12
{
 "baseline_model": "naive_last_week",
 "best_model": "xgb_d6_lr05_n400_log",
 "baseline_mape_sku": 105.92199159136393,
 "best_mape_sku": 89.81874704559536,
 "baseline_mape_total": 18.14966616790644,
 "best_mape_total": 17.314413042545553,
 "baseline_wape_sku": 65.66013526738142,
 "best_wape_sku": 50.36455896300588,
 "worst_baseline_mape_sku": 222.69846349270352,
 "n_configs": 15,
 "n_baselines": 4,
 "n_features": 67,
 "n_skus": 100,
 "n_test_weeks": 13,
 "n_val_weeks": 13,
 "test_start": "2011-09-05",
 "test_end": "2011-11-28",
 "selection_rule": "lowest validation SKU-level MAPE; holdout scored once after refit on train+val"
} 28
{'n_skus': 100, 'week_start': '2011-12-05', 'model': 'xgb_d6_lr05_n400_log'}
